[2026-08-24 10:24:43] First run -- captured baseline (105 lines). No alert sent.
[2026-08-24 10:52:36] Checked -- no new content.
[2026-08-24 10:58:47] Checked -- no new content.
[2026-08-24 11:20:00] Checked -- no new content.
[2026-08-24 11:21:58] Checked -- no new content.
[2026-08-24 11:49:01] Checked -- no new content.
[2026-08-24 12:16:17] Checked -- no new content.
[2026-08-24 13:14:11] Checked -- no new content.
[2026-08-24 14:02:06] Checked -- no new content.
[2026-08-24 14:46:38] Checked -- no new content.
[2026-08-24 15:23:48] Checked -- no new content.
[2026-08-24 16:00:38] Checked -- no new content.
[2026-08-24 16:37:14] Checked -- no new content.
[2026-08-24 17:09:20] Checked -- no new content.
[2026-08-24 17:42:22] Checked -- no new content.
[2026-08-24 18:03:40] Checked -- no new content.
[2026-08-24 18:51:46] Checked -- no new content.
[2026-08-24 19:19:24] Checked -- no new content.
[2026-08-24 19:48:18] Checked -- no new content.
[2026-08-24 20:05:01] Checked -- no new content.
[2026-08-24 20:41:17] Checked -- no new content.
[2026-08-24 21:04:12] Checked -- no new content.
[2026-08-24 21:37:39] Checked -- no new content.
[2026-08-24 21:57:50] Checked -- no new content.
[2026-08-24 22:17:59] Checked -- no new content.
[2026-08-24 22:46:38] Checked -- no new content.
[2026-08-24 23:03:07] Checked -- no new content.
[2026-08-24 23:27:21] Checked -- no new content.
[2026-08-24 23:44:03] Checked -- no new content.
[2026-08-24 23:58:04] Checked -- no new content.
[2026-08-25 00:48:07] Checked -- no new content.
[2026-08-25 02:09:20] Checked -- no new content.
[2026-08-25 03:09:48] Checked -- no new content.
[2026-08-25 03:56:07] Checked -- no new content.
[2026-08-25 04:27:13] Checked -- no new content.
[2026-08-25 05:02:03] Checked -- no new content.
[2026-08-25 05:34:55] Checked -- no new content.
[2026-08-25 06:01:09] Checked -- no new content.
[2026-08-25 06:50:35] Checked -- no new content.
[2026-08-25 07:32:24] Checked -- no new content.
[2026-08-25 08:09:15] Checked -- no new content.
[2026-08-25 08:56:06] Checked -- no new content.
[2026-08-25 09:22:59] Checked -- no new content.
[2026-08-25 09:56:16] Checked -- no new content.
[2026-08-25 10:19:38] Checked -- no new content.
[2026-08-25 10:53:06] Checked -- no new content.
[2026-08-25 11:14:01] Checked -- no new content.
[2026-08-25 11:43:02] Checked -- no new content.
[2026-08-25 12:02:15] Checked -- no new content.
[2026-08-25 12:54:22] Checked -- no new content.
[2026-08-25 13:38:47] Checked -- no new content.
[2026-08-25 14:25:23] Checked -- no new content.
[2026-08-25 15:10:55] Checked -- no new content.
[2026-08-25 15:57:08] Checked -- no new content.
[2026-08-25 16:23:58] Checked -- no new content.
[2026-08-25 17:01:23] Checked -- no new content.
[2026-08-25 17:33:56] Checked -- no new content.
[2026-08-25 17:59:48] Checked -- no new content.
[2026-08-25 18:36:19] Checked -- no new content.
[2026-08-25 19:11:02] Checked -- no new content.
[2026-08-25 19:43:25] Checked -- no new content.
[2026-08-25 20:01:11] Checked -- no new content.
[2026-08-25 20:30:17] Checked -- no new content.
[2026-08-25 20:56:09] Checked -- no new content.
[2026-08-25 21:16:20] Checked -- no new content.
[2026-08-25 21:45:07] Checked -- no new content.
[2026-08-25 22:00:30] Checked -- no new content.
[2026-08-25 22:26:51] Checked -- no new content.
[2026-08-25 22:52:07] Checked -- no new content.
[2026-08-25 23:12:37] Checked -- no new content.
[2026-08-25 23:36:15] Checked -- no new content.
[2026-08-25 23:54:00] Checked -- no new content.
[2026-08-26 00:26:51] Checked -- no new content.
[2026-08-26 02:07:28] Checked -- no new content.
[2026-08-26 03:15:36] Checked -- no new content.
[2026-08-26 04:03:32] Checked -- no new content.
[2026-08-26 04:48:58] Checked -- no new content.
[2026-08-26 05:18:05] Checked -- no new content.
[2026-08-26 05:52:27] Checked -- no new content.
[2026-08-26 06:23:04] Checked -- no new content.
[2026-08-26 07:13:49] Checked -- no new content.
[2026-08-26 07:58:20] Checked -- no new content.
[2026-08-26 08:36:57] Checked -- no new content.
[2026-08-26 09:22:19] Checked -- no new content.
[2026-08-26 10:01:58] Checked -- no new content.
[2026-08-26 10:38:44] Checked -- no new content.
[2026-08-26 11:05:39] Checked -- no new content.
[2026-08-26 11:38:31] Checked -- no new content.
[2026-08-26 12:00:49] Checked -- no new content.
[2026-08-26 12:51:39] Checked -- no new content.
[2026-08-26 13:42:43] Checked -- no new content.
[2026-08-26 14:25:27] Checked -- no new content.
[2026-08-26 15:57:25] Checked -- no new content.
[2026-08-26 16:41:39] Checked -- no new content.
[2026-08-26 18:21:43] Checked -- no new content.
[2026-08-26 20:11:18] Checked -- no new content.
[2026-08-26 23:28:41] Checked -- no new content.
[2026-08-27 04:36:51] Checked -- no new content.
[2026-08-27 15:27:32] Checked -- no new content.
[2026-08-28 00:28:38] Checked -- no new content.
[2026-08-28 11:36:39] Checked -- no new content.
[2026-08-28 21:30:33] Checked -- no new content.
[2026-08-29 03:15:13] Checked -- no new content.
[2026-08-29 10:03:29] Checked -- no new content.
[2026-08-29 14:59:45] Checked -- no new content.
[2026-08-29 18:10:21] Checked -- no new content.
[2026-08-29 20:53:08] Checked -- no new content.
[2026-08-29 22:50:04] Checked -- no new content.
[2026-08-30 00:46:34] Checked -- no new content.
[2026-08-30 05:52:23] Checked -- no new content.
[2026-08-30 10:43:28] Checked -- no new content.
[2026-08-30 14:59:47] Checked -- no new content.
[2026-08-30 18:24:42] Checked -- no new content.
[2026-08-30 21:16:15] Checked -- no new content.
[2026-08-30 23:30:42] Checked -- no new content.
[2026-08-31 01:29:04] Checked -- no new content.
[2026-08-31 07:16:39] Checked -- no new content.
[2026-08-31 15:07:10] Checked -- no new content.
[2026-08-31 20:47:11] Checked -- no new content.
[2026-09-01 00:06:04] Checked -- no new content.
[2026-09-01 04:56:23] Checked -- no new content.
[2026-09-01 09:39:21] Checked -- no new content.
[2026-09-01 14:17:11] Checked -- no new content.
[2026-09-01 17:50:39] Checked -- no new content.
[2026-09-01 20:10:17] Checked -- no new content.
[2026-09-01 22:34:20] Checked -- no new content.
[2026-09-02 00:27:44] Checked -- no new content.
[2026-09-02 04:50:29] Checked -- no new content.
[2026-09-02 09:07:19] Checked -- no new content.
[2026-09-02 13:34:03] Checked -- no new content.
[2026-09-02 17:16:57] Checked -- no new content.
[2026-09-02 19:48:50] Checked -- no new content.
[2026-09-02 22:00:15] Checked -- no new content.
[2026-09-02 23:52:20] Checked -- no new content.
[2026-09-03 01:32:02] Checked -- no new content.
[2026-09-03 06:18:43] Checked -- no new content.
[2026-09-03 11:20:22] Checked -- no new content.
[2026-09-03 15:03:51] Checked -- no new content.
[2026-09-03 18:27:01] Checked -- no new content.
[2026-09-03 21:10:54] Checked -- no new content.
[2026-09-03 23:15:37] Checked -- no new content.
[2026-09-04 00:59:22] Checked -- no new content.
[2026-09-04 05:26:32] Checked -- no new content.
[2026-09-04 09:46:53] Checked -- no new content.
[2026-09-04 13:48:15] Checked -- no new content.
[2026-09-04 17:08:14] Checked -- no new content.
[2026-09-04 19:28:40] Checked -- no new content.
[2026-09-04 21:38:38] Checked -- no new content.
[2026-09-04 23:15:41] Checked -- no new content.
[2026-09-05 00:58:16] Checked -- no new content.
[2026-09-05 05:08:51] Checked -- no new content.
[2026-09-05 08:59:54] Checked -- no new content.
[2026-09-05 12:22:32] Checked -- no new content.
[2026-09-05 15:21:07] Checked -- no new content.
[2026-09-05 17:23:52] Checked -- no new content.
[2026-09-05 19:08:18] Checked -- no new content.
[2026-09-05 21:10:23] Checked -- no new content.
[2026-09-05 22:50:58] Checked -- no new content.
[2026-09-06 00:15:27] Checked -- no new content.
[2026-09-06 04:38:46] Checked -- no new content.
[2026-09-06 08:52:37] Checked -- no new content.
[2026-09-06 12:22:53] Checked -- no new content.
[2026-09-06 15:34:13] Checked -- no new content.
[2026-09-06 17:40:17] Checked -- no new content.
[2026-09-06 19:28:55] Checked -- no new content.
[2026-09-06 21:31:14] Checked -- no new content.
[2026-09-06 22:59:49] Checked -- no new content.
[2026-09-07 00:41:07] Checked -- no new content.
[2026-09-07 05:12:10] Checked -- no new content.
[2026-09-07 10:13:35] NEW CONTENT DETECTED (16 new line(s)):
24 Advertisements found it. Refine further with the filters above.
€999.00  p.m
Total rental price: €999.00
De Veldmaat 10-218
Enschede
• Studio • 2nd Floor
19 m²
De Veldmaat 10-937
22 m²
De Veldmaat 10-741
• Studio • 7th Floor
De Veldmaat 10-133
De Veldmaat 10-138
De Veldmaat 10-206
De Veldmaat 10-747
7
[2026-09-07 15:50:36] Checked -- no new content.
[2026-09-07 19:25:01] Checked -- no new content.
[2026-09-07 22:07:42] Checked -- no new content.
[2026-09-08 00:15:08] Checked -- no new content.
[2026-09-08 04:35:26] Checked -- no new content.
[2026-09-08 09:09:44] Checked -- no new content.
[2026-09-08 13:24:54] Checked -- no new content.
[2026-09-08 17:18:02] Checked -- no new content.
[2026-09-08 19:56:09] Checked -- no new content.
[2026-09-08 22:05:23] Checked -- no new content.
[2026-09-09 00:03:06] Checked -- no new content.
[2026-09-09 04:11:49] Checked -- no new content.
[2026-09-09 08:57:20] Checked -- no new content.
[2026-09-09 13:15:31] Checked -- no new content.
[2026-09-09 17:10:00] Checked -- no new content.
[2026-09-09 19:44:51] Checked -- no new content.
[2026-09-09 21:58:27] Checked -- no new content.
[2026-09-09 23:43:03] Checked -- no new content.
[2026-09-10 01:27:45] Checked -- no new content.
[2026-09-10 06:13:45] Checked -- no new content.
[2026-09-10 11:16:58] Checked -- no new content.
[2026-09-10 14:59:46] Checked -- no new content.
[2026-09-10 18:04:54] Checked -- no new content.
[2026-09-10 20:47:08] Checked -- no new content.
[2026-09-10 22:47:58] Checked -- no new content.
[2026-09-11 00:35:33] Checked -- no new content.
